To honour the JVM settings for this build a single-use Daemon process will be forked. For more on this, please refer to https://docs.gradle.org/9.2.1/userguide/gradle_daemon.html#sec:disabling_the_daemon in the Gradle documentation.
Daemon will be stopped at the end of the build 

> Configure project :app
WARNING: The option setting 'android.experimental.testSuiteSupport=true' is experimental.
The current default is 'false'.
WARNING: *Important* Test suite support is experimental and subject to change


> Task :app:preBuild UP-TO-DATE
> Task :app:preDebugBuild UP-TO-DATE
> Task :app:mergeDebugNativeDebugMetadata NO-SOURCE
> Task :app:generateDebugResources
> Task :app:packageDebugResources
> Task :app:processDebugNavigationResources
> Task :app:generateDebugAssets UP-TO-DATE
> Task :app:javaPreCompileDebug
> Task :app:parseDebugLocalResources
> Task :app:mergeDebugAssets
> Task :app:compressDebugAssets
> Task :app:generateDebugRFile
> Task :app:checkDebugDuplicateClasses
> Task :app:desugarDebugFileDependencies
> Task :app:mergeLibDexDebug
> Task :app:compileDebugNavigationResources
> Task :app:checkDebugAarMetadata
> Task :app:mapDebugSourceSetPaths
> Task :app:mergeExtDexDebug
> Task :app:createDebugCompatibleScreenManifests
> Task :app:extractDeepLinksDebug
> Task :app:mergeDebugResources

> Task :app:compileDebugKotlin
w: file:///C:/Users/Admin/AndroidStudioProjects/DALE3/app/src/main/java/com/example/dale/AppMonitorService.kt:67:42 Condition is always 'true'.
w: file:///C:/Users/Admin/AndroidStudioProjects/DALE3/app/src/main/java/com/example/dale/AppMonitorService.kt:90:42 Condition is always 'true'.
w: file:///C:/Users/Admin/AndroidStudioProjects/DALE3/app/src/main/java/com/example/dale/AppMonitorService.kt:254:68 'static field MOVE_TO_FOREGROUND: Int' is deprecated. Deprecated in Java.
w: file:///C:/Users/Admin/AndroidStudioProjects/DALE3/app/src/main/java/com/example/dale/AppMonitorService.kt:256:68 'static field MOVE_TO_BACKGROUND: Int' is deprecated. Deprecated in Java.
w: file:///C:/Users/Admin/AndroidStudioProjects/DALE3/app/src/main/java/com/example/dale/AppSelectionActivity.kt:468:38 'fun overridePendingTransition(p0: Int, p1: Int): Unit' is deprecated. Deprecated in Java.
w: file:///C:/Users/Admin/AndroidStudioProjects/DALE3/app/src/main/java/com/example/dale/DALEApplication.kt:37:25 'var statusBarColor: Int' is deprecated. Deprecated in Java.
w: file:///C:/Users/Admin/AndroidStudioProjects/DALE3/app/src/main/java/com/example/dale/DALEApplication.kt:38:25 'var navigationBarColor: Int' is deprecated. Deprecated in Java.
w: file:///C:/Users/Admin/AndroidStudioProjects/DALE3/app/src/main/java/com/example/dale/DrawOverOtherAppsLockScreen.kt:89:40 'static field FLAG_SHOW_WHEN_LOCKED: Int' is deprecated. Deprecated in Java.
w: file:///C:/Users/Admin/AndroidStudioProjects/DALE3/app/src/main/java/com/example/dale/DrawOverOtherAppsLockScreen.kt:90:40 'static field FLAG_TURN_SCREEN_ON: Int' is deprecated. Deprecated in Java.
w: file:///C:/Users/Admin/AndroidStudioProjects/DALE3/app/src/main/java/com/example/dale/DrawOverOtherAppsLockScreen.kt:91:40 'static field FLAG_DISMISS_KEYGUARD: Int' is deprecated. Deprecated in Java.

> Task :app:processDebugMainManifest
> Task :app:compileDebugJavaWithJavac NO-SOURCE
> Task :app:processDebugJavaRes
> Task :app:processDebugManifest
> Task :app:mergeDebugJniLibFolders
> Task :app:validateSigningDebug
> Task :app:writeDebugAppMetadata
> Task :app:writeDebugSigningConfigVersions
> Task :app:preReleaseBuild UP-TO-DATE
> Task :app:mergeDebugNativeLibs
> Task :app:mergeReleaseJniLibFolders

> Task :app:stripDebugDebugSymbols
Unable to strip the following libraries, packaging them as they are: libandroidx.graphics.path.so. Run with --info option to learn more.

> Task :app:mergeReleaseNativeLibs
> Task :app:generateReleaseResources

> Task :app:stripReleaseDebugSymbols
Unable to strip the following libraries, packaging them as they are: libandroidx.graphics.path.so. Run with --info option to learn more.

> Task :app:checkReleaseDuplicateClasses
> Task :app:packageReleaseResources
> Task :app:extractReleaseNativeSymbolTables
> Task :app:processReleaseNavigationResources
> Task :app:mergeReleaseNativeDebugMetadata NO-SOURCE
> Task :app:javaPreCompileRelease
> Task :app:processDebugManifestForPackage
> Task :app:parseReleaseLocalResources
> Task :app:compileReleaseNavigationResources
> Task :app:checkReleaseAarMetadata
> Task :app:mapReleaseSourceSetPaths
> Task :app:generateReleaseRFile
> Task :app:processDebugResources
> Task :app:mergeReleaseResources
> Task :app:mergeDebugJavaResource
> Task :app:dexBuilderDebug
> Task :app:createReleaseCompatibleScreenManifests
> Task :app:extractDeepLinksRelease
> Task :app:processReleaseMainManifest
> Task :app:processReleaseManifest
> Task :app:desugarReleaseFileDependencies
> Task :app:mergeReleaseStartupProfile UP-TO-DATE
> Task :app:mergeProjectDexDebug
> Task :app:generateReleaseAssets UP-TO-DATE
> Task :app:mergeReleaseAssets
> Task :app:compressReleaseAssets
> Task :app:extractReleaseVersionControlInfo
> Task :app:extractProguardFiles
> Task :app:mergeReleaseArtProfile
> Task :app:collectReleaseDependencies
> Task :app:sdkReleaseDependencyData
> Task :app:writeReleaseAppMetadata
> Task :app:writeReleaseSigningConfigVersions
> Task :app:preDebugAndroidTestBuild SKIPPED
> Task :app:packageDebug
> Task :app:bundleDebugClassesToCompileJar FAILED
> Task :app:createDebugApkListingFileRedirect
> Task :app:assembleDebug
> Task :app:generateDebugLintReportModel
> Task :app:processReleaseManifestForPackage
> Task :app:mergeExtDexRelease

> Task :app:compileReleaseKotlin
w: file:///C:/Users/Admin/AndroidStudioProjects/DALE3/app/src/main/java/com/example/dale/AppMonitorService.kt:67:42 Condition is always 'true'.
w: file:///C:/Users/Admin/AndroidStudioProjects/DALE3/app/src/main/java/com/example/dale/AppMonitorService.kt:90:42 Condition is always 'true'.
w: file:///C:/Users/Admin/AndroidStudioProjects/DALE3/app/src/main/java/com/example/dale/AppMonitorService.kt:254:68 'static field MOVE_TO_FOREGROUND: Int' is deprecated. Deprecated in Java.
w: file:///C:/Users/Admin/AndroidStudioProjects/DALE3/app/src/main/java/com/example/dale/AppMonitorService.kt:256:68 'static field MOVE_TO_BACKGROUND: Int' is deprecated. Deprecated in Java.
w: file:///C:/Users/Admin/AndroidStudioProjects/DALE3/app/src/main/java/com/example/dale/AppSelectionActivity.kt:468:38 'fun overridePendingTransition(p0: Int, p1: Int): Unit' is deprecated. Deprecated in Java.
w: file:///C:/Users/Admin/AndroidStudioProjects/DALE3/app/src/main/java/com/example/dale/DALEApplication.kt:37:25 'var statusBarColor: Int' is deprecated. Deprecated in Java.
w: file:///C:/Users/Admin/AndroidStudioProjects/DALE3/app/src/main/java/com/example/dale/DALEApplication.kt:38:25 'var navigationBarColor: Int' is deprecated. Deprecated in Java.
w: file:///C:/Users/Admin/AndroidStudioProjects/DALE3/app/src/main/java/com/example/dale/DrawOverOtherAppsLockScreen.kt:89:40 'static field FLAG_SHOW_WHEN_LOCKED: Int' is deprecated. Deprecated in Java.
w: file:///C:/Users/Admin/AndroidStudioProjects/DALE3/app/src/main/java/com/example/dale/DrawOverOtherAppsLockScreen.kt:90:40 'static field FLAG_TURN_SCREEN_ON: Int' is deprecated. Deprecated in Java.
w: file:///C:/Users/Admin/AndroidStudioProjects/DALE3/app/src/main/java/com/example/dale/DrawOverOtherAppsLockScreen.kt:91:40 'static field FLAG_DISMISS_KEYGUARD: Int' is deprecated. Deprecated in Java.
./gradlew : 
At line:1 char:48
+ ... AndroidStudioProjects\DALE3; ./gradlew build --no-daemon 2>&1 | Tee-O ...
+                                  ~~~~~~~~~~~~~~~~~~~~~~~~~~~~~~~~
    + CategoryInfo          : NotSpecified: (:String) [], RemoteException
    + FullyQualifiedErrorId : NativeCommandError
 
FAILURE: Build failed with an exception.

* What went wrong:
Execution failed for task ':app:bundleDebugClassesToCompileJar'.
> A failure occurred while executing com.android.build.gradle.internal.feature.BundleAllClasses$BundleAllClassesWorkAction
   > C:\Users\Admin\AndroidStudioProjects\DALE3\app\build\intermediates\compile_and_runtime_r_class_jar\debug\processDebugResources\R.jar

* Try:
> Run with --stacktrace option to get the stack trace.
> Run with --info or --debug option to get more log output.
> Run with --scan to generate a Build Scan (powered by Develocity).
> Get more help at https://help.gradle.org.

BUILD FAILED in 1m 10s
70 actionable tasks: 69 executed, 1 up-to-date
